// Jest Snapshot v1, https://goo.gl/fbAQLP

exports[`<LogoutButton /> matches snapshot 1`] = `
<styled.span
  onClick={[MockFunction]}
>
  <Component />
  Logout
</styled.span>
`;
